[page 01] start
[page 01] LO sbs done
[page 01] WORD sbs done
[page 01] profile done
[page 02] start
[page 02] LO sbs done
[page 02] WORD sbs done
[page 02] profile done
[page 03] start
[page 03] LO sbs done
[page 03] WORD sbs done
[page 03] profile done
[page 03] heatmap done
[page 04] start
[page 04] LO sbs done
[page 04] WORD sbs done
[page 04] profile done
[page 05] start
[page 05] LO sbs done
[page 05] WORD sbs done
[page 05] profile done
[page 06] start
[page 06] LO sbs done
[page 06] WORD sbs done
[page 06] profile done
[page 07] start
[page 07] LO sbs done
[page 07] WORD sbs done
[page 07] profile done
[page 08] start
[page 08] LO sbs done
[page 08] WORD sbs done
[page 08] profile done
[page 09] start
[page 09] LO sbs done
[page 09] WORD sbs done
[page 09] profile done
[page 09] heatmap done
[page 10] start
[page 10] LO sbs done
[page 10] WORD sbs done
[page 10] profile done
[page 11] start
[page 11] LO sbs done
[page 11] WORD sbs done
[page 11] profile done
[page 11] heatmap done
[page 12] start
[page 12] LO sbs done
[page 12] WORD sbs done
[page 12] profile done
[page 13] start
[page 13] LO sbs done
[page 13] WORD sbs done
[page 13] profile done
[page 14] start
[page 14] LO sbs done
[page 14] WORD sbs done
[page 14] profile done
[page 14] heatmap done
[page 15] start
[page 15] LO sbs done
[page 15] WORD sbs done
[page 15] profile done
done: {"sidebyside_done": 15, "heatmap_stats": 4, "profile_stats": 15, "word_sidebyside_done": 15}
